<fieldset>
    <legend>Slides</legend>
    <h3>
        Slide 1
    </h3>
    <table>
        <tr>
            <th>
                <label for="slide_1_show">Show Slide 1?</label>
            </th>
            <td>
                <input type="checkbox" id="slide_1_show" name="slide_1_show" value="1" />
            </td>
        </tr>
        <tr>
            <th>
                <label for="slide_1_image.jpg">Slide 1 Image</label>
            </th>
            <td>
                <input type="file" id="slide_1_image.jpg" name="slide_1_image.jpg" />
            </td>
        </tr>
    </table>
    <h3>
        Slide 2
    </h3>
    <table>
        <tr>
            <th>
                <label for="slide_2_show">Show Slide 2?</label>
            </th>
            <td>
                <input type="checkbox" id="slide_2_show" name="slide_2_show" value="1" />
            </td>
        </tr>
        <tr>
            <th>
                <label for="slide_2_image.jpg">Slide 2 Image</label>
            </th>
            <td>
                <input type="file" id="slide_2_image.jpg" name="slide_2_image.jpg" />
            </td>
        </tr>
    </table>
    <h3>
        Slide 3
    </h3>
    <table>
        <tr>
            <th>
                <label for="slide_3_show">Show Slide 3?</label>
            </th>
            <td>
                <input type="checkbox" id="slide_3_show" name="slide_3_show" value="1" />
            </td>
        </tr>
        <tr>
            <th>
                <label for="slide_3_image.jpg">Slide 3 Image</label>
            </th>
            <td>
                <input type="file" id="slide_3_image.jpg" name="slide_3_image.jpg" />
            </td>
        </tr>
    </table>
</fieldset>
<fieldset>
    <legend>Boxes</legend>
    <h3>
        Top Box
    </h3>
    <table>
        <tr>
            <th>
                <label for="box_top_show">Show Top Box?</label>
            </th>
            <td>
                <label><input type="checkbox" id="box_top_show" name="box_top_show" value="1" /> Show box Top</label>
            </td>
        </tr>
        <tr>
            <th>
                <label for="box_top_content">Top Box Content</label>
            </th>
            <td>
                <textarea id="box_top_content" name="box_top_content" cols="60" rows="5">
This is default content.
</textarea>
            </td>
        </tr>
    </table>
    <h3>
        Middle Box
    </h3>
    <table>
        <tr>
            <th>
                <label for="box_middle_show">Show Middle Box?</label>
            </th>
            <td>
                <label><input type="checkbox" id="box_middle_show" name="box_middle_show" value="1" /> Show box Middle</label>
            </td>
        </tr>
        <tr>
            <th>
                <label for="box_middle_content">Middle Box Content</label>
            </th>
            <td>
                <textarea id="box_middle_content" name="box_middle_content" cols="60" rows="5">
This is default content.
</textarea>
            </td>
        </tr>
    </table>
    <h3>
        Bottom Box
    </h3>
    <table>
        <tr>
            <th>
                <label for="box_bottom_show">Show Bottom Box?</label>
            </th>
            <td>
                <label><input type="checkbox" id="box_bottom_show" name="box_bottom_show" value="1" /> Show box Bottom</label>
            </td>
        </tr>
        <tr>
            <th>
                <label for="box_bottom_content">Bottom Box Content</label>
            </th>
            <td>
                <textarea id="box_bottom_content" name="box_bottom_content" cols="60" rows="5">
This is default content.
</textarea>
            </td>
        </tr>
    </table>
    <h3>
        Top Right Box
    </h3>
    <table>
        <tr>
            <th>
                <label for="box_top_right_show">Show Top Right Box?</label>
            </th>
            <td>
                <label><input type="checkbox" id="box_top_right_show" name="box_top_right_show" value="1" /> Show box Top Right</label>
            </td>
        </tr>
        <tr>
            <th>
                <label for="box_top_right_content">Top Right Box Content</label>
            </th>
            <td>
                <textarea id="box_top_right_content" name="box_top_right_content" cols="60" rows="5">
This is default content.
</textarea>
            </td>
        </tr>
    </table>
</fieldset>
