<fieldset>
    <legend>Business Hours</legend>
    <h3>
        Business Hours
    </h3>
    <table>
        <tr>
            <th>
                <label for="business_hours">Business Hours</label>
            </th>
            <td>
                <select id="business_hours_begin" name="business_hours_begin">
                    <option value="30600">
                        08:30
                    </option>
                    <option value="32400">
                        09:00
                    </option>
                    <option value="34200">
                        09:30
                    </option>
                    <option value="36000">
                        10:00
                    </option>
                    <option value="37800">
                        10:30
                    </option>
                    <option value="39600">
                        11:00
                    </option>
                    <option value="41400">
                        11:30
                    </option>
                    <option value="43200">
                        12:00
                    </option>
                    <option value="45000">
                        12:30
                    </option>
                    <option value="46800">
                        13:00
                    </option>
                    <option value="48600">
                        13:30
                    </option>
                    <option value="50400">
                        14:00
                    </option>
                    <option value="52200">
                        14:30
                    </option>
                    <option value="54000">
                        15:00
                    </option>
                    <option value="55800">
                        15:30
                    </option>
                    <option value="57600">
                        16:00
                    </option>
                    <option value="59400">
                        16:30
                    </option>
                    <option value="61200">
                        17:00
                    </option>
                </select> â€” <select id="business_hours_end" name="business_hours_end">
                    <option value="30600">
                        08:30
                    </option>
                    <option value="32400">
                        09:00
                    </option>
                    <option value="34200">
                        09:30
                    </option>
                    <option value="36000">
                        10:00
                    </option>
                    <option value="37800">
                        10:30
                    </option>
                    <option value="39600">
                        11:00
                    </option>
                    <option value="41400">
                        11:30
                    </option>
                    <option value="43200">
                        12:00
                    </option>
                    <option value="45000">
                        12:30
                    </option>
                    <option value="46800">
                        13:00
                    </option>
                    <option value="48600">
                        13:30
                    </option>
                    <option value="50400">
                        14:00
                    </option>
                    <option value="52200">
                        14:30
                    </option>
                    <option value="54000">
                        15:00
                    </option>
                    <option value="55800">
                        15:30
                    </option>
                    <option value="57600">
                        16:00
                    </option>
                    <option value="59400">
                        16:30
                    </option>
                    <option value="61200">
                        17:00
                    </option>
                </select>
            </td>
        </tr>
    </table>
</fieldset>
