<fieldset>
    <legend>Appearance and Fonts</legend>
    <h3>
        Background
    </h3>
    <table>
        <tr>
            <th>
                <label for="background_style">Background Style</label>
            </th>
            <td>
                <select id="background_style" name="background_style">
                    <option value="none">
                        None
                    </option>
                    <option value="color">
                        Custom Color
                    </option>
                    <option value="image">
                        Custom Image
                    </option>
                </select>
            </td>
        </tr>
        <tr>
            <th>
                <label for="background_color">Background Color</label>
            </th>
            <td>
                <input id="background_color" name="background_color" class="color" type="text" value="">
            </td>
        </tr>
        <tr>
            <th>
                <label for="background_image.jpg">Background Image</label>
            </th>
            <td>
                <input type="file" id="background_image.jpg" name="background_image.jpg">
            </td>
        </tr>
        <tr>
            <th></th>
            <td>
                <small>Upload a jpeg.</small>
            </td>
        </tr>
        <tr>
            <th>
                <label for="background_image_repeat">Repeat Backgound Image?</label>
            </th>
            <td>
                <input type="checkbox" id="background_image_repeat" name="background_image_repeat" value="1">
            </td>
        </tr>
    </table>
</fieldset>
<fieldset>
    <legend>Navigation</legend>
    <h3>
        Links
    </h3>
    <table>
        <tr>
            <th>
                <label for="favourite_linklist">Favourite Linklist</label>
            </th>
            <td>
                <select id="favourite_linklist" name="favourite_linklist" class="linklist">
            </td>
        </tr>
        <tr>
            <th>
                <label for="favourite_blog">Favourite Blog</label>
            </th>
            <td>
                <select id="favourite_blog" name="favourite_blog" class="blog">
            </td>
        </tr>
        <tr>
            <th>
                <label for="favourite_collection">Favourite Collection</label>
            </th>
            <td>
                <select id="favourite_collection" name="favourite_collection" class="collection">
            </td>
        </tr>
        <tr>
            <th>
                <label for="favourite_snippet">Favourite Snippet</label>
            </th>
            <td>
                <select id="favourite_snippet" name="favourite_snippet" class="snippet">
            </td>
        </tr>
    </table>
</fieldset>
<fieldset>
    <legend>Typography</legend>
    <h3>
        Fonts
    </h3>
    <table>
        <tr>
            <th>
                <label for="heading_font">Heading Font</label>
            </th>
            <td>
                <select id="heading_font" name="heading_font" class="font">
                    </select>
            </td>
        </tr>
        <tr>
            <th>
                <label for="body_font">Body Font</label>
            </th>
            <td>
                <select id="body_font" name="body_font" class="font">
                    </select>
            </td>
        </tr>
    </table>
    <table>
        <tr>
            <th>
                <label for="disclaimer">Disclaimer</label>
            </th>
            <td>
                <textarea id="disclaimer" name="disclaimer" cols="60" rows="5" value="">
            </td>
        </tr>
    </table>
</fieldset>
<fieldset>
    <legend>Checkout</legend>
    <h3>
        Checkout
    </h3>
    <table>
        <tr>
            <th>
                <label for="checkout_logo.jpg">Checkout Logo</label>
            </th>
            <td>
                <input type="file" id="checkout_logo.jpg" name="checkout_logo.jpg">
            </td>
        </tr>
        <tr>
            <th></th>
            <td>
                <small>Upload a jpeg.</small>
            </td>
        </tr>
    </table>
</fieldset>
<fieldset>
    <legend>Slides</legend>
    <h3>
        Slide 1
    </h3>
    <table>
        <tr>
            <th>
                <label for="slide_1_show">Show Slide 1?</label>
            </th>
            <td>
                <input type="checkbox" id="slide_1_show" name="slide_1_show" value="1">
            </td>
        </tr>
        <tr>
            <th>
                <label for="slide_1_image.jpg">Slide 1 Image</label>
            </th>
            <td>
                <input type="file" id="slide_1_image.jpg" name="slide_1_image.jpg">
            </td>
        </tr>
    </table>
    <h3>
        Slide 2
    </h3>
    <table>
        <tr>
            <th>
                <label for="slide_2_show">Show Slide 2?</label>
            </th>
            <td>
                <input type="checkbox" id="slide_2_show" name="slide_2_show" value="1">
            </td>
        </tr>
        <tr>
            <th>
                <label for="slide_2_image.jpg">Slide 2 Image</label>
            </th>
            <td>
                <input type="file" id="slide_2_image.jpg" name="slide_2_image.jpg">
            </td>
        </tr>
    </table>
    <h3>
        Slide 3
    </h3>
    <table>
        <tr>
            <th>
                <label for="slide_3_show">Show Slide 3?</label>
            </th>
            <td>
                <input type="checkbox" id="slide_3_show" name="slide_3_show" value="1">
            </td>
        </tr>
        <tr>
            <th>
                <label for="slide_3_image.jpg">Slide 3 Image</label>
            </th>
            <td>
                <input type="file" id="slide_3_image.jpg" name="slide_3_image.jpg">
            </td>
        </tr>
    </table>
</fieldset>
<fieldset>
    <legend>Boxes</legend>
    <h3>
        Top Box
    </h3>
    <table>
        <tr>
            <th>
                <label for="box_top_show">Show Top Box?</label>
            </th>
            <td>
                <input type="checkbox" id="box_top_show" name="box_top_show" value="1">
            </td>
        </tr>
        <tr>
            <th>
                <label for="box_top_content">Top Box Content</label>
            </th>
            <td>
                <textarea id="box_top_content" name="box_top_content" cols="60" rows="5" value="">
            </td>
        </tr>
    </table>
    <h3>
        Middle Box
    </h3>
    <table>
        <tr>
            <th>
                <label for="box_middle_show">Show Middle Box?</label>
            </th>
            <td>
                <input type="checkbox" id="box_middle_show" name="box_middle_show" value="1">
            </td>
        </tr>
        <tr>
            <th>
                <label for="box_middle_content">Middle Box Content</label>
            </th>
            <td>
                <textarea id="box_middle_content" name="box_middle_content" cols="60" rows="5" value="">
            </td>
        </tr>
    </table>
    <h3>
        Bottom Box
    </h3>
    <table>
        <tr>
            <th>
                <label for="box_bottom_show">Show Bottom Box?</label>
            </th>
            <td>
                <input type="checkbox" id="box_bottom_show" name="box_bottom_show" value="1">
            </td>
        </tr>
        <tr>
            <th>
                <label for="box_bottom_content">Bottom Box Content</label>
            </th>
            <td>
                <textarea id="box_bottom_content" name="box_bottom_content" cols="60" rows="5" value="">
            </td>
        </tr>
    </table>
    <h3>
        Top Right Box
    </h3>
    <table>
        <tr>
            <th>
                <label for="box_top_right_show">Show Top Right Box?</label>
            </th>
            <td>
                <input type="checkbox" id="box_top_right_show" name="box_top_right_show" value="1">
            </td>
        </tr>
        <tr>
            <th>
                <label for="box_top_right_content">Top Right Box Content</label>
            </th>
            <td>
                <textarea id="box_top_right_content" name="box_top_right_content" cols="60" rows="5" value="">
            </td>
        </tr>
    </table>
</fieldset>
