<fieldset>
    <legend>Checkout</legend>
    <h3>
        Checkout 1
    </h3>
    <table>
        <tr>
            <th>
                <label for="checkout_logo.jpg">Checkout Logo</label>
            </th>
            <td>
                <input type="file" id="checkout_logo.jpg" name="checkout_logo.jpg" />
            </td>
        </tr>
        <tr>
            <th></th>
            <td>
                <small>Upload a jpeg.</small>
            </td>
        </tr>
        <tr>
            <th>
                <label for="repeated_field_1_of_1">Repeated Field 1</label>
            </th>
            <td>
                <input type="text" id="repeated_field_1_of_1" name="repeated_field_1_of_1" class="text" value="" />
            </td>
        </tr>
        <tr>
            <th></th>
            <td>
                <small>Help for repeated field number 1 of section number 1.</small>
            </td>
        </tr>
        <tr>
            <th>
                <label for="repeated_field_2_of_1">Repeated Field 2</label>
            </th>
            <td>
                <input type="text" id="repeated_field_2_of_1" name="repeated_field_2_of_1" class="text" value="" />
            </td>
        </tr>
        <tr>
            <th></th>
            <td>
                <small>Help for repeated field number 2 of section number 1.</small>
            </td>
        </tr>
        <tr>
            <th>
                <label for="repeated_field_3_of_1">Repeated Field 3</label>
            </th>
            <td>
                <input type="text" id="repeated_field_3_of_1" name="repeated_field_3_of_1" class="text" value="" />
            </td>
        </tr>
        <tr>
            <th></th>
            <td>
                <small>Help for repeated field number 3 of section number 1.</small>
            </td>
        </tr>
    </table>
    <h3>
        Checkout 2
    </h3>
    <table>
        <tr>
            <th>
                <label for="checkout_logo.jpg">Checkout Logo</label>
            </th>
            <td>
                <input type="file" id="checkout_logo.jpg" name="checkout_logo.jpg" />
            </td>
        </tr>
        <tr>
            <th></th>
            <td>
                <small>Upload a jpeg.</small>
            </td>
        </tr>
        <tr>
            <th>
                <label for="repeated_field_1_of_2">Repeated Field 1</label>
            </th>
            <td>
                <input type="text" id="repeated_field_1_of_2" name="repeated_field_1_of_2" class="text" value="" />
            </td>
        </tr>
        <tr>
            <th></th>
            <td>
                <small>Help for repeated field number 1 of section number 2.</small>
            </td>
        </tr>
        <tr>
            <th>
                <label for="repeated_field_2_of_2">Repeated Field 2</label>
            </th>
            <td>
                <input type="text" id="repeated_field_2_of_2" name="repeated_field_2_of_2" class="text" value="" />
            </td>
        </tr>
        <tr>
            <th></th>
            <td>
                <small>Help for repeated field number 2 of section number 2.</small>
            </td>
        </tr>
        <tr>
            <th>
                <label for="repeated_field_3_of_2">Repeated Field 3</label>
            </th>
            <td>
                <input type="text" id="repeated_field_3_of_2" name="repeated_field_3_of_2" class="text" value="" />
            </td>
        </tr>
        <tr>
            <th></th>
            <td>
                <small>Help for repeated field number 3 of section number 2.</small>
            </td>
        </tr>
    </table>
    <h3>
        Checkout 3
    </h3>
    <table>
        <tr>
            <th>
                <label for="checkout_logo.jpg">Checkout Logo</label>
            </th>
            <td>
                <input type="file" id="checkout_logo.jpg" name="checkout_logo.jpg" />
            </td>
        </tr>
        <tr>
            <th></th>
            <td>
                <small>Upload a jpeg.</small>
            </td>
        </tr>
        <tr>
            <th>
                <label for="repeated_field_1_of_3">Repeated Field 1</label>
            </th>
            <td>
                <input type="text" id="repeated_field_1_of_3" name="repeated_field_1_of_3" class="text" value="" />
            </td>
        </tr>
        <tr>
            <th></th>
            <td>
                <small>Help for repeated field number 1 of section number 3.</small>
            </td>
        </tr>
        <tr>
            <th>
                <label for="repeated_field_2_of_3">Repeated Field 2</label>
            </th>
            <td>
                <input type="text" id="repeated_field_2_of_3" name="repeated_field_2_of_3" class="text" value="" />
            </td>
        </tr>
        <tr>
            <th></th>
            <td>
                <small>Help for repeated field number 2 of section number 3.</small>
            </td>
        </tr>
        <tr>
            <th>
                <label for="repeated_field_3_of_3">Repeated Field 3</label>
            </th>
            <td>
                <input type="text" id="repeated_field_3_of_3" name="repeated_field_3_of_3" class="text" value="" />
            </td>
        </tr>
        <tr>
            <th></th>
            <td>
                <small>Help for repeated field number 3 of section number 3.</small>
            </td>
        </tr>
    </table>
</fieldset>
<fieldset>
    <legend>Appearance and Fonts</legend>
    <h3>
        Background
    </h3>
    <table>
        <tr>
            <th>
                <label for="background_style">Background Style</label>
            </th>
            <td>
                <select id="background_style" name="background_style">
                    <option value="">
                        </option>
                    <option value="none">
                        None
                    </option>
                    <option value="color">
                        Custom Color
                    </option>
                    <option value="image">
                        Custom Image
                    </option>
                </select>
            </td>
        </tr>
        <tr>
            <th>
                <label for="background_color">Background Color</label>
            </th>
            <td>
                <input id="background_color" name="background_color" class="color" type="text" value="" />
            </td>
        </tr>
        <tr>
            <th>
                <label for="background_image.jpg">Background Image</label>
            </th>
            <td>
                <input type="file" id="background_image.jpg" name="background_image.jpg" />
            </td>
        </tr>
        <tr>
            <th></th>
            <td>
                <small>Upload a jpeg.</small>
            </td>
        </tr>
        <tr>
            <th></th>
            <td>
                <label><input type="checkbox" id="background_image_repeat" name="background_image_repeat" value="1" /> Yes</label>
            </td>
        </tr>
    </table>
</fieldset>
