
<fieldset>
  <legend>Appearance & Fonts</legend>


  <h3>Background</h3>
  <table>

    <tr>
      <th>
        <label for="background_style">Background Style</label>
      </th>
      <td>

          <select id="background_style" name="background_style">

  <option value="none">None</option>

  <option value="color">Custom Color</option>

  <option value="image">Custom Image</option>

</select>

      </td>
    </tr>


    <tr>
      <th>
        <label for="background_color">Background Color</label>
      </th>
      <td>

          <input id="background_color" name="background_color" class="color" type="text" value="" />

      </td>
    </tr>


    <tr>
      <th>
        <label for="background_image.jpg">Background Image</label>
      </th>
      <td>

          <input type="file" id="background_image.jpg" name="background_image.jpg"   />

      </td>
    </tr>

    <tr>
      <th></th>
      <td><small>Upload a jpeg.</small></td>
    </tr>


    <tr>
      <th>
        <label for="background_image_repeat">Repeat Backgound Image?</label>
      </th>
      <td>

          <input type="checkbox" id="background_image_repeat" name="background_image_repeat" value="1" />

      </td>
    </tr>


  </table>

</fieldset>
