<fieldset>
    <legend>Homepage slider</legend>
    <table>
        <tr>
            <th>
                <label for="show-slider">Show slider</label>
            </th>
            <td>
                <input type="checkbox" id="show-slider" name="show-slider" value="1" />
            </td>
        </tr>
        <tr>
            <th>
                <label for="slider-width">Slider width</label>
            </th>
            <td>
                <select id="slider-width" name="slider-width">
                    <option value="window-width">
                        Window width
                    </option>
                    <option value="site-width">
                        Site width
                    </option>
                    <option value="main-content-width">
                        Main content width
                    </option>
                </select>
            </td>
        </tr>
        <tr>
            <th></th>
            <td>
                <small><strong>Important.&nbsp;</strong>If you choose window-width, the slider will span the entire browser window (which could be huge!). This means your images need to be large enough to allow for this which could slow down the overall speed of the site.</small>
            </td>
        </tr>
        <tr>
            <th>
                <label for="auto-play-slider">Auto-play slider</label>
            </th>
            <td>
                <input type="checkbox" id="auto-play-slider" name="auto-play-slider" value="1" />
            </td>
        </tr>
        <tr>
            <th></th>
            <td>
                <small>Have the slider start sliding automatically when the page is loaded.</small>
            </td>
        </tr>
        <tr>
            <th>
                <label for="carousel-speed">Carousel Speed</label>
            </th>
            <td>
                <select id="carousel-speed" name="carousel-speed">
                    <option value="2000">
                        2000
                    </option>
                    <option value="3000">
                        3000
                    </option>
                    <option value="4000">
                        4000
                    </option>
                    <option value="5000">
                        5000
                    </option>
                    <option value="6000">
                        6000
                    </option>
                    <option value="7000">
                        7000
                    </option>
                    <option value="8000">
                        8000
                    </option>
                    <option value="9000">
                        9000
                    </option>
                    <option value="10000">
                        10000
                    </option>
                </select>
            </td>
        </tr>
        <tr>
            <th></th>
            <td>
                <small>Interval between slides in milliseconds.</small>
            </td>
        </tr>
        <tr>
            <th>
                <label for="carousel-transition">Carousel Transition</label>
            </th>
            <td>
                <select id="carousel-transition" name="carousel-transition">
                    <option value="slide">
                        Slide
                    </option>
                    <option value="fade">
                        Fade
                    </option>
                </select>
            </td>
        </tr>
    </table>
    <p>
        Slides
    </p>
    <p>
        Slides
    </p>
    <p>
        Slides
    </p>
    <p>
        Slides
    </p>
    <p>
        Slides
    </p>
</fieldset>
